#print()

>>> print()

>>> print('Hello World')
Hello World
>>> print(1)
1
>>> print([1,2,3])
[1, 2, 3]
>>> print)1(
	
SyntaxError: invalid syntax
>>> 
>>> print(1,2)
1 2
>>> 
>>> print('My name is', 'Dayoung Lee')
My name is Dayoung Lee
>>> 
